   1               		.file	"hal.c"
   2               	__SREG__ = 0x3f
   3               	__SP_H__ = 0x3e
   4               	__SP_L__ = 0x3d
   5               	__CCP__  = 0x34
   6               	__tmp_reg__ = 0
   7               	__zero_reg__ = 1
  15               	.Ltext0:
  16               	.global	halInit
  18               	halInit:
  19               	.LFB48:
  20               	.LM1:
  21               	/* prologue: function */
  22               	/* frame size = 0 */
  23               	.LM2:
  24 0000 0E94 0000 		call hal_lld_init
  25               	.LM3:
  26 0004 0E94 0000 		call boardInit
  27               	.LM4:
  28 0008 0E94 0000 		call stInit
  29               	/* epilogue start */
  30               	.LM5:
  31 000c 0895      		ret
  32               	.LFE48:
  58               	.Letext0:
DEFINED SYMBOLS
                            *ABS*:00000000 hal.c
C:\DOCUME~1\ADMINI~1\LOCALS~1\Temp/ccRaMa3Y.s:2      *ABS*:0000003f __SREG__
C:\DOCUME~1\ADMINI~1\LOCALS~1\Temp/ccRaMa3Y.s:3      *ABS*:0000003e __SP_H__
C:\DOCUME~1\ADMINI~1\LOCALS~1\Temp/ccRaMa3Y.s:4      *ABS*:0000003d __SP_L__
C:\DOCUME~1\ADMINI~1\LOCALS~1\Temp/ccRaMa3Y.s:5      *ABS*:00000034 __CCP__
C:\DOCUME~1\ADMINI~1\LOCALS~1\Temp/ccRaMa3Y.s:6      *ABS*:00000000 __tmp_reg__
C:\DOCUME~1\ADMINI~1\LOCALS~1\Temp/ccRaMa3Y.s:7      *ABS*:00000001 __zero_reg__
C:\DOCUME~1\ADMINI~1\LOCALS~1\Temp/ccRaMa3Y.s:18     .text:00000000 halInit

UNDEFINED SYMBOLS
hal_lld_init
boardInit
stInit
